{"version":"2.1.0","runs":[{"tool":{"driver":{"name":"AnchorMap","informationUri":"https://github.com/fstepho/anchormap","rules":[{"id":"anchormap.finding.unmapped_anchor","name":"unmapped_anchor","shortDescription":{"text":"AnchorMap scan finding unmapped_anchor"}},{"id":"anchormap.finding.unresolved_static_edge","name":"unresolved_static_edge","shortDescription":{"text":"AnchorMap scan finding unresolved_static_edge"}}]}},"results":[{"ruleId":"anchormap.finding.unmapped_anchor","level":"warning","message":{"text":"scan finding: {\"kind\":\"unmapped_anchor\",\"anchor_id\":\"QA-001\"}"},"locations":[{"physicalLocation":{"artifactLocation":{"uri":"specs/requirements.md"}}}]},{"ruleId":"anchormap.finding.unresolved_static_edge","level":"warning","message":{"text":"scan finding: {\"kind\":\"unresolved_static_edge\",\"importer\":\"src/index.ts\",\"specifier\":\"./missing\"}"},"locations":[{"physicalLocation":{"artifactLocation":{"uri":"src/index.ts"}}}]}]}]}
