{"schema_version":1,"config":{"version":1,"product_root":"src","spec_roots":["specs"],"ignore_roots":[]},"analysis_health":"degraded","observed_anchors":{"FR-050":{"spec_path":"specs/requirements.md","mapping_state":"invalid"}},"stored_mappings":{"FR-050":{"state":"invalid","seed_files":["src/missing.ts"],"reached_files":[]}},"files":{"src/index.ts":{"covering_anchor_ids":[],"supported_local_targets":[]}},"findings":[{"kind":"broken_seed_path","anchor_id":"FR-050","seed_path":"src/missing.ts"}]}
