{"schema_version":1,"config":{"version":1,"product_root":"src","spec_roots":["specs"],"ignore_roots":[]},"analysis_health":"clean","observed_anchors":{"ADR-0012":{"spec_path":"specs/anchors.md","mapping_state":"usable"},"M10":{"spec_path":"specs/anchors.md","mapping_state":"usable"},"T10.6":{"spec_path":"specs/anchors.md","mapping_state":"usable"}},"stored_mappings":{"ADR-0012":{"state":"usable","seed_files":["src/index.ts"],"reached_files":["src/index.ts"]},"M10":{"state":"usable","seed_files":["src/index.ts"],"reached_files":["src/index.ts"]},"T10.6":{"state":"usable","seed_files":["src/index.ts"],"reached_files":["src/index.ts"]}},"files":{"src/index.ts":{"covering_anchor_ids":["ADR-0012","M10","T10.6"],"supported_local_targets":[]}},"findings":[]}
