{"schema_version":1,"config":{"version":1,"product_root":"src","spec_roots":["specs"],"ignore_roots":[]},"analysis_health":"clean","observed_anchors":{"FR-061":{"spec_path":"specs/requirements.md","mapping_state":"usable"},"FR-062":{"spec_path":"specs/requirements.md","mapping_state":"absent"}},"stored_mappings":{"FR-061":{"state":"usable","seed_files":["src/index.ts"],"reached_files":["src/index.ts"]}},"files":{"src/index.ts":{"covering_anchor_ids":["FR-061"],"supported_local_targets":[]},"src/unused.ts":{"covering_anchor_ids":[],"supported_local_targets":[]}},"findings":[{"kind":"unmapped_anchor","anchor_id":"FR-062"}]}
