{"schema_version":1,"config":{"version":1,"product_root":"src","spec_roots":["specs"],"ignore_roots":[]},"analysis_health":"clean","observed_anchors":{"FR-010":{"spec_path":"specs/requirements.md","mapping_state":"usable"},"FR-020":{"spec_path":"specs/requirements.md","mapping_state":"usable"}},"stored_mappings":{"FR-010":{"state":"usable","seed_files":["src/left.ts"],"reached_files":["src/left.ts","src/shared.ts"]},"FR-020":{"state":"usable","seed_files":["src/right.ts"],"reached_files":["src/right.ts","src/shared.ts"]}},"files":{"src/left.ts":{"covering_anchor_ids":["FR-010"],"supported_local_targets":["src/shared.ts"]},"src/right.ts":{"covering_anchor_ids":["FR-020"],"supported_local_targets":["src/shared.ts"]},"src/shared.ts":{"covering_anchor_ids":["FR-010","FR-020"],"supported_local_targets":[]}},"findings":[]}
