{"schema_version":1,"config":{"version":1,"product_root":"src","spec_roots":["specs"],"ignore_roots":[]},"analysis_health":"degraded","observed_anchors":{},"stored_mappings":{},"files":{"src/index.ts":{"covering_anchor_ids":[],"supported_local_targets":[]}},"findings":[{"kind":"unresolved_static_edge","importer":"src/index.ts","specifier":"./dep.js"}]}
