{"schema_version":3,"config":{"version":1,"product_root":"src","spec_roots":["specs"],"ignore_roots":[]},"analysis_health":"degraded","observed_anchors":{},"stored_mappings":{},"files":{"src/index.ts":{"covering_anchor_ids":[],"supported_local_targets":[]}},"traceability_metrics":{"summary":{"product_file_count":1,"stored_mapping_count":0,"usable_mapping_count":0,"observed_anchor_count":0,"active_anchor_count":0,"draft_anchor_count":0,"covered_product_file_count":0,"uncovered_product_file_count":1,"directly_seeded_product_file_count":0,"single_cover_product_file_count":0,"multi_cover_product_file_count":0},"anchors":{}},"findings":[{"kind":"unresolved_static_edge","importer":"src/index.ts","specifier":"./dep.js"}]}
