{"schema_version":1,"subject":{"kind":"anchor","anchor_id":"QA-001"},"observed":{"present":true,"spec_path":"specs/requirements.md","mapping_state":"usable"},"mapping":{"present":true,"state":"usable","seed_files":["src/root.ts"],"reached_file_count":3},"file":null,"coverage":{"reached_files":[{"path":"src/a.ts","path_from_seed":["src/root.ts","src/a.ts"]},{"path":"src/leaf.ts","path_from_seed":["src/root.ts","src/a.ts","src/leaf.ts"]},{"path":"src/root.ts","path_from_seed":["src/root.ts"]}]},"findings":[]}
