{"schema_version":1,"config":{"version":1,"product_root":"src","spec_roots":["specs"],"ignore_roots":[]},"analysis_health":"clean","observed_anchors":{"DOC.README.SECTIONS_MIN":{"spec_path":"specs/dotted.md","mapping_state":"absent"},"OWN.CODEOWNERS.FILE_SIZE_UNDER_3MB":{"spec_path":"specs/dotted.md","mapping_state":"absent"},"REL.PR_TITLE.CONVENTIONAL_COMMITS":{"spec_path":"specs/dotted.md","mapping_state":"absent"}},"stored_mappings":{},"files":{"src/index.ts":{"covering_anchor_ids":[],"supported_local_targets":[]}},"findings":[{"kind":"unmapped_anchor","anchor_id":"DOC.README.SECTIONS_MIN"},{"kind":"unmapped_anchor","anchor_id":"OWN.CODEOWNERS.FILE_SIZE_UNDER_3MB"},{"kind":"unmapped_anchor","anchor_id":"REL.PR_TITLE.CONVENTIONAL_COMMITS"}]}
