{"schema_version":2,"config":{"version":1,"product_root":"src","spec_roots":["specs"],"ignore_roots":[]},"analysis_health":"clean","observed_anchors":{},"stored_mappings":{},"files":{},"traceability_metrics":{"summary":{"product_file_count":0,"stored_mapping_count":0,"usable_mapping_count":0,"observed_anchor_count":0,"covered_product_file_count":0,"uncovered_product_file_count":0,"directly_seeded_product_file_count":0,"single_cover_product_file_count":0,"multi_cover_product_file_count":0},"anchors":{}},"findings":[]}
