{"schema_version":1,"config":{"version":1,"product_root":"src","spec_roots":["specs"],"ignore_roots":[]},"analysis_health":"degraded","observed_anchors":{},"stored_mappings":{"FR-999":{"state":"stale","seed_files":["src/index.ts"],"reached_files":[]}},"files":{"src/index.ts":{"covering_anchor_ids":[],"supported_local_targets":[]}},"findings":[{"kind":"stale_mapping_anchor","anchor_id":"FR-999"}]}
