{"schema_version":1,"config":{"version":1,"product_root":"src","spec_roots":["specs"],"ignore_roots":[]},"analysis_health":"clean","observed_anchors":{"DOC.README.SECTIONS_MIN":{"spec_path":"specs/dotted.md","mapping_state":"usable"},"OWN.CODEOWNERS.FILE_SIZE_UNDER_3MB":{"spec_path":"specs/dotted.md","mapping_state":"usable"},"REL.PR_TITLE.CONVENTIONAL_COMMITS":{"spec_path":"specs/dotted.md","mapping_state":"usable"}},"stored_mappings":{"DOC.README.SECTIONS_MIN":{"state":"usable","seed_files":["src/index.ts"],"reached_files":["src/index.ts"]},"OWN.CODEOWNERS.FILE_SIZE_UNDER_3MB":{"state":"usable","seed_files":["src/index.ts"],"reached_files":["src/index.ts"]},"REL.PR_TITLE.CONVENTIONAL_COMMITS":{"state":"usable","seed_files":["src/index.ts"],"reached_files":["src/index.ts"]}},"files":{"src/index.ts":{"covering_anchor_ids":["DOC.README.SECTIONS_MIN","OWN.CODEOWNERS.FILE_SIZE_UNDER_3MB","REL.PR_TITLE.CONVENTIONAL_COMMITS"],"supported_local_targets":[]}},"findings":[]}
