{"version":"2.1.0","runs":[{"tool":{"driver":{"name":"AnchorMap","informationUri":"https://github.com/fstepho/anchormap","rules":[{"id":"anchormap.finding.unmapped_anchor","name":"unmapped_anchor","shortDescription":{"text":"AnchorMap scan finding unmapped_anchor"}}]}},"results":[{"ruleId":"anchormap.finding.unmapped_anchor","level":"warning","message":{"text":"scan finding: {\"kind\":\"unmapped_anchor\",\"anchor_id\":\"QA-001\"}"},"locations":[{"physicalLocation":{"artifactLocation":{"uri":"specs/requirements.md"},"region":{"startLine":3,"startColumn":5}}}]}]}]}
