{"schema_version":1,"config":{"version":1,"product_root":"src","spec_roots":["specs"],"ignore_roots":[]},"analysis_health":"clean","observed_anchors":{},"stored_mappings":{},"files":{"src/index.ts":{"covering_anchor_ids":[],"supported_local_targets":["src/named.ts","src/star.ts"]},"src/named.ts":{"covering_anchor_ids":[],"supported_local_targets":[]},"src/star.ts":{"covering_anchor_ids":[],"supported_local_targets":[]}},"findings":[]}
