{"schema_version":1,"config":{"version":1,"product_root":"src","spec_roots":["specs"],"ignore_roots":[]},"analysis_health":"degraded","observed_anchors":{"QA.ACTIVE":{"spec_path":"specs/requirements.md","mapping_state":"absent"}},"stored_mappings":{"QA.STALE":{"state":"stale","seed_files":["src/legacy.ts"],"reached_files":[]}},"files":{"src/index.ts":{"covering_anchor_ids":[],"supported_local_targets":[]}},"findings":[{"kind":"stale_mapping_anchor","anchor_id":"QA.STALE"},{"kind":"unmapped_anchor","anchor_id":"QA.ACTIVE"}]}
