{"schema_version":1,"subject":{"kind":"file","path":"src/missing.ts"},"observed":null,"mapping":null,"file":{"present":false,"covering_anchor_ids":[],"supported_local_targets":[]},"coverage":{"covered":false,"single_cover":false,"multi_cover":false},"findings":[{"kind":"unsupported_local_target","importer":"src/root.ts","target_path":"src/missing.ts"},{"kind":"untraced_product_file","path":"src/missing.ts"}]}
