{"schema_version":1,"config":{"version":1,"product_root":"src","spec_roots":["specs"],"ignore_roots":[]},"analysis_health":"clean","observed_anchors":{"ADR-0012":{"spec_path":"specs/adr.yaml","mapping_state":"absent"},"M10":{"spec_path":"specs/milestone.yaml","mapping_state":"absent"},"S5":{"spec_path":"specs/spike.yaml","mapping_state":"absent"},"T0.0a":{"spec_path":"specs/task-suffix.yaml","mapping_state":"absent"},"T10.6":{"spec_path":"specs/task.yaml","mapping_state":"absent"}},"stored_mappings":{},"files":{"src/index.ts":{"covering_anchor_ids":[],"supported_local_targets":[]}},"findings":[{"kind":"unmapped_anchor","anchor_id":"ADR-0012"},{"kind":"unmapped_anchor","anchor_id":"M10"},{"kind":"unmapped_anchor","anchor_id":"S5"},{"kind":"unmapped_anchor","anchor_id":"T0.0a"},{"kind":"unmapped_anchor","anchor_id":"T10.6"}]}
